// Jest Snapshot v1, https://goo.gl/fbAQLP

exports[`Select Component render select 1`] = `
<div>
  <div
    class="group flex flex-col w-full transition-background motion-reduce:transition-none !duration-150 group relative justify-end ml-5 custom-class"
    data-filled="true"
    data-has-value="true"
    data-slot="base"
  >
    <div
      aria-hidden="true"
      data-a11y-ignore="aria-hidden-focus"
      data-testid="hidden-select-container"
      style="border: 0px; clip-path: inset(50%); height: 1px; margin: -1px; overflow: hidden; padding: 0px; position: absolute; width: 1px; white-space: nowrap;"
    >
      <input
        style="font-size: 16px;"
        tabindex="-1"
        type="text"
        value="key1"
      />
      <label>
        <select
          size="2"
          tabindex="-1"
          title=""
        >
          <option />
          <option
            value="key1"
          >
            Item 1
          </option>
          <option
            value="key2"
          >
            Item 2
          </option>
        </select>
      </label>
    </div>
    <div
      class="w-full flex flex-col"
      data-slot="mainWrapper"
    >
      <button
        aria-expanded="false"
        aria-haspopup="listbox"
        aria-labelledby="react-aria-:r7: "
        class="relative px-3 gap-3 w-full inline-flex flex-row items-center shadow-sm tap-highlight-transparent group-data-[focus=true]:bg-default-100 min-h-10 rounded-medium data-[hover=true]:bg-default-50 outline-none data-[focus-visible=true]:z-10 data-[focus-visible=true]:outline-2 data-[focus-visible=true]:outline-focus data-[focus-visible=true]:outline-offset-2 bg-white border-1 border-gray-50 py-3.5 h-auto"
        data-slot="trigger"
        id="react-aria-:r2:"
        type="button"
      >
        <div
          class="inline-flex h-full w-[calc(100%_-_theme(spacing.6))] min-h-4 items-center gap-1.5 box-border"
          data-slot="innerWrapper"
        >
          <span
            class="w-full text-left rtl:text-right text-small truncate group-data-[has-value=true]:text-default-foreground font-bold text-black"
            data-slot="value"
            id="react-aria-:r7:"
          >
            Item 1
          </span>
        </div>
        <svg
          aria-hidden="true"
          class="absolute end-3 w-4 h-4 transition-transform duration-150 ease motion-reduce:transition-none data-[open=true]:rotate-180"
          data-slot="selectorIcon"
          fill="none"
          focusable="false"
          height="1em"
          role="presentation"
          stroke="currentColor"
          stroke-linecap="round"
          stroke-linejoin="round"
          stroke-width="1.5"
          viewBox="0 0 24 24"
          width="1em"
        >
          <path
            d="m6 9 6 6 6-6"
          />
        </svg>
      </button>
    </div>
  </div>
</div>
`;
