// Jest Snapshot v1, https://goo.gl/fbAQLP

exports[`Error component renders error 1`] = `
<div>
  <section
    class="min-h-screen flex justify-center"
  >
    <div
      class="max-w-2xl p-5 flex flex-col items-center justify-center m-auto"
    >
      <h1
        class="text-3xl font-bold text-red-500 mb-4 text-center"
      >
        Error 500: Internal server error
      </h1>
      <p
        class="text-red-600 text-xl"
      >
        We apologize for the inconvenience. The page you are looking for might have been removed or is temporarily unavailable.
      </p>
      <a
        aria-label="Go to Home Page"
        class="pt-5 text-ratio-400 text-xl hover:underline"
        href="/"
      >
        Go to Home Page
      </a>
    </div>
  </section>
</div>
`;
